[     339ms] [LOG] %cSocket connected. color: green; font-weight: bold; @ http://localhost/framework/ext/Socket/Socket.js:52
[  341926ms] [LOG] %cSocket connected. color: green; font-weight: bold; @ http://localhost/framework/ext/Socket/Socket.js:52
[  347245ms] [LOG] %cSocket connected. color: green; font-weight: bold; @ http://localhost/framework/ext/Socket/Socket.js:52
[  570861ms] [LOG] %cSocket connected. color: green; font-weight: bold; @ http://localhost/framework/ext/Socket/Socket.js:52
[  573544ms] [LOG] %cSocket connected. color: green; font-weight: bold; @ http://localhost/framework/ext/Socket/Socket.js:52
[  575573ms] [LOG] %cSocket connected. color: green; font-weight: bold; @ http://localhost/framework/ext/Socket/Socket.js:52
[  588729ms] [LOG] %cSocket connected. color: green; font-weight: bold; @ http://localhost/framework/ext/Socket/Socket.js:52
[ 1155657ms] [LOG] %cSocket connected. color: green; font-weight: bold; @ http://localhost/framework/ext/Socket/Socket.js:52
[ 1205672ms] [LOG] %cSocket connected. color: green; font-weight: bold; @ http://localhost/framework/ext/Socket/Socket.js:52
[ 1302865ms] [LOG] %cSocket connected. color: green; font-weight: bold; @ http://localhost/framework/ext/Socket/Socket.js:52
[ 1355817ms] [LOG] %cSocket connected. color: green; font-weight: bold; @ http://localhost/framework/ext/Socket/Socket.js:52
[ 1367067ms] [LOG] %cSocket connected. color: green; font-weight: bold; @ http://localhost/framework/ext/Socket/Socket.js:52
[ 1403673ms] [LOG] %cSocket connected. color: green; font-weight: bold; @ http://localhost/framework/ext/Socket/Socket.js:52
[ 1427319ms] [LOG] %cSocket connected. color: green; font-weight: bold; @ http://localhost/framework/ext/Socket/Socket.js:52
[ 1433317ms] [LOG] %cSocket connected. color: green; font-weight: bold; @ http://localhost/framework/ext/Socket/Socket.js:52
[ 1475917ms] [LOG] %cSocket connected. color: green; font-weight: bold; @ http://localhost/framework/ext/Socket/Socket.js:52
[ 1481566ms] [LOG] %cSocket connected. color: green; font-weight: bold; @ http://localhost/framework/ext/Socket/Socket.js:52
[ 1522697ms] [LOG] %cSocket connected. color: green; font-weight: bold; @ http://localhost/framework/ext/Socket/Socket.js:52
[ 1527553ms] [LOG] %cSocket connected. color: green; font-weight: bold; @ http://localhost/framework/ext/Socket/Socket.js:52
[ 1587083ms] [LOG] %cSocket connected. color: green; font-weight: bold; @ http://localhost/framework/ext/Socket/Socket.js:52
[ 1594111ms] [ERROR] Failed to load resource: the server responded with a status of 404 (Not Found) @ http://localhost/framework/ext/WebEditor/page.js:0
[ 1594114ms] [ERROR] TypeError: Failed to fetch dynamically imported module: http://localhost/framework/ext/WebEditor/page.js @ http://localhost/framework/core/App/App.js:94
[ 1594414ms] [LOG] %cSocket connected. color: green; font-weight: bold; @ http://localhost/framework/ext/Socket/Socket.js:52
[ 1595917ms] [ERROR] Failed to load resource: the server responded with a status of 404 (Not Found) @ http://localhost/framework/ext/WebEditor/0/save.json:0
[ 1595917ms] [ERROR] Failed to load resource: the server responded with a status of 404 (Not Found) @ http://localhost/framework/ext/WebEditor/0/save.json:0
[ 1596207ms] [LOG] %cSocket connected. color: green; font-weight: bold; @ http://localhost/framework/ext/Socket/Socket.js:52
[ 1606740ms] [ERROR] Failed to load resource: the server responded with a status of 404 (Not Found) @ http://localhost/framework/ext/WebEditor/0/save.json:0
[ 1606740ms] [ERROR] Failed to load resource: the server responded with a status of 404 (Not Found) @ http://localhost/framework/ext/WebEditor/0/save.json:0
[ 1607038ms] [LOG] %cSocket connected. color: green; font-weight: bold; @ http://localhost/framework/ext/Socket/Socket.js:52
[ 1673503ms] [ERROR] Failed to load resource: the server responded with a status of 404 (Not Found) @ http://localhost/framework/ext/WebEditor/0/save.json:0
[ 1673503ms] [ERROR] Failed to load resource: the server responded with a status of 404 (Not Found) @ http://localhost/framework/ext/WebEditor/0/save.json:0
[ 1673783ms] [LOG] %cSocket connected. color: green; font-weight: bold; @ http://localhost/framework/ext/Socket/Socket.js:52
[ 1695972ms] [ERROR] Failed to load resource: the server responded with a status of 404 (Not Found) @ http://localhost/framework/ext/WebEditor/0/save.json:0
[ 1695972ms] [ERROR] Failed to load resource: the server responded with a status of 404 (Not Found) @ http://localhost/framework/ext/WebEditor/0/save.json:0
[ 1696252ms] [LOG] %cSocket connected. color: green; font-weight: bold; @ http://localhost/framework/ext/Socket/Socket.js:52
[ 1706429ms] [ERROR] Failed to load resource: the server responded with a status of 404 (Not Found) @ http://localhost/framework/ext/WebEditor/0/save.json:0
[ 1706429ms] [ERROR] Failed to load resource: the server responded with a status of 404 (Not Found) @ http://localhost/framework/ext/WebEditor/0/save.json:0
[ 1706713ms] [LOG] %cSocket connected. color: green; font-weight: bold; @ http://localhost/framework/ext/Socket/Socket.js:52
[ 1751758ms] [ERROR] Failed to load resource: the server responded with a status of 404 (Not Found) @ http://localhost/framework/ext/WebEditor/0/save.json:0
[ 1751758ms] [ERROR] Failed to load resource: the server responded with a status of 404 (Not Found) @ http://localhost/framework/ext/WebEditor/0/save.json:0
[ 1752038ms] [LOG] %cSocket connected. color: green; font-weight: bold; @ http://localhost/framework/ext/Socket/Socket.js:52
[ 1762726ms] [ERROR] Failed to load resource: the server responded with a status of 404 (Not Found) @ http://localhost/framework/ext/WebEditor/0/save.json:0
[ 1762727ms] [ERROR] Failed to load resource: the server responded with a status of 404 (Not Found) @ http://localhost/framework/ext/WebEditor/0/save.json:0
[ 1763012ms] [LOG] %cSocket connected. color: green; font-weight: bold; @ http://localhost/framework/ext/Socket/Socket.js:52
[ 1848140ms] [ERROR] Failed to load resource: the server responded with a status of 404 (Not Found) @ http://localhost/framework/ext/WebEditor/0/save.json:0
[ 1848140ms] [ERROR] Failed to load resource: the server responded with a status of 404 (Not Found) @ http://localhost/framework/ext/WebEditor/0/save.json:0
[ 1848427ms] [LOG] %cSocket connected. color: green; font-weight: bold; @ http://localhost/framework/ext/Socket/Socket.js:52
[ 1915179ms] [ERROR] Failed to load resource: the server responded with a status of 404 (Not Found) @ http://localhost/framework/ext/WebEditor/0/save.json:0
[ 1915464ms] [LOG] %cSocket connected. color: green; font-weight: bold; @ http://localhost/framework/ext/Socket/Socket.js:52
[ 1929844ms] [ERROR] Failed to load resource: the server responded with a status of 404 (Not Found) @ http://localhost/framework/ext/WebEditor/0/save.json:0
[ 1930125ms] [LOG] %cSocket connected. color: green; font-weight: bold; @ http://localhost/framework/ext/Socket/Socket.js:52
[ 1935058ms] [ERROR] Failed to load resource: the server responded with a status of 404 (Not Found) @ http://localhost/framework/ext/WebEditor/0/save.json:0
[ 1935345ms] [LOG] %cSocket connected. color: green; font-weight: bold; @ http://localhost/framework/ext/Socket/Socket.js:52
[ 1973301ms] [ERROR] Failed to load resource: the server responded with a status of 404 (Not Found) @ http://localhost/framework/ext/WebEditor/0/save.json:0
[ 1973597ms] [LOG] %cSocket connected. color: green; font-weight: bold; @ http://localhost/framework/ext/Socket/Socket.js:52
[ 2262930ms] [ERROR] Failed to load resource: the server responded with a status of 404 (Not Found) @ http://localhost/framework/ext/WebEditor/0/save.json:0
[ 2263224ms] [LOG] %cSocket connected. color: green; font-weight: bold; @ http://localhost/framework/ext/Socket/Socket.js:52
[ 2526776ms] [ERROR] Failed to load resource: the server responded with a status of 404 (Not Found) @ http://localhost/framework/ext/WebEditor/0/save.json:0
[ 2527070ms] [LOG] %cSocket connected. color: green; font-weight: bold; @ http://localhost/framework/ext/Socket/Socket.js:52
[ 2747922ms] [LOG] %cSocket connected. color: green; font-weight: bold; @ http://localhost/framework/ext/Socket/Socket.js:52
[ 2803484ms] [LOG] %cSocket connected. color: green; font-weight: bold; @ http://localhost/framework/ext/Socket/Socket.js:52
[ 4433816ms] [LOG] %cSocket connected. color: green; font-weight: bold; @ http://localhost/framework/ext/Socket/Socket.js:52
[ 4594203ms] [LOG] %cSocket connected. color: green; font-weight: bold; @ http://localhost/framework/ext/Socket/Socket.js:52
[ 4620588ms] [LOG] %cSocket connected. color: green; font-weight: bold; @ http://localhost/framework/ext/Socket/Socket.js:52
[ 4655392ms] [LOG] %cSocket connected. color: green; font-weight: bold; @ http://localhost/framework/ext/Socket/Socket.js:52
[ 5169307ms] [LOG] %cSocket connected. color: green; font-weight: bold; @ http://localhost/framework/ext/Socket/Socket.js:52
[ 5200318ms] [LOG] %cSocket connected. color: green; font-weight: bold; @ http://localhost/framework/ext/Socket/Socket.js:52
[ 5247607ms] [LOG] %cSocket connected. color: green; font-weight: bold; @ http://localhost/framework/ext/Socket/Socket.js:52
[ 5277457ms] [LOG] %cSocket connected. color: green; font-weight: bold; @ http://localhost/framework/ext/Socket/Socket.js:52
[ 5320297ms] [LOG] %cSocket connected. color: green; font-weight: bold; @ http://localhost/framework/ext/Socket/Socket.js:52
[ 5360650ms] [LOG] %cSocket connected. color: green; font-weight: bold; @ http://localhost/framework/ext/Socket/Socket.js:52
[ 5377063ms] [LOG] %cSocket connected. color: green; font-weight: bold; @ http://localhost/framework/ext/Socket/Socket.js:52
[ 5381250ms] [LOG] %cSocket connected. color: green; font-weight: bold; @ http://localhost/framework/ext/Socket/Socket.js:52
[ 5595890ms] [LOG] %cSocket connected. color: green; font-weight: bold; @ http://localhost/framework/ext/Socket/Socket.js:52
[ 5608169ms] [LOG] %cSocket connected. color: green; font-weight: bold; @ http://localhost/framework/ext/Socket/Socket.js:52
[ 5638645ms] [LOG] %cSocket connected. color: green; font-weight: bold; @ http://localhost/framework/ext/Socket/Socket.js:52
[ 5807149ms] [LOG] %cSocket connected. color: green; font-weight: bold; @ http://localhost/framework/ext/Socket/Socket.js:52
[ 5812420ms] [LOG] %cSocket connected. color: green; font-weight: bold; @ http://localhost/framework/ext/Socket/Socket.js:52
[ 5822828ms] [LOG] %cSocket connected. color: green; font-weight: bold; @ http://localhost/framework/ext/Socket/Socket.js:52
[ 5934684ms] [LOG] %cSocket connected. color: green; font-weight: bold; @ http://localhost/framework/ext/Socket/Socket.js:52
[ 5942424ms] [LOG] %cSocket connected. color: green; font-weight: bold; @ http://localhost/framework/ext/Socket/Socket.js:52
[ 5955422ms] [LOG] %cSocket connected. color: green; font-weight: bold; @ http://localhost/framework/ext/Socket/Socket.js:52
[ 5964410ms] [LOG] %cSocket connected. color: green; font-weight: bold; @ http://localhost/framework/ext/Socket/Socket.js:52
[ 5971891ms] [LOG] %cSocket connected. color: green; font-weight: bold; @ http://localhost/framework/ext/Socket/Socket.js:52
[ 5976128ms] [LOG] %cSocket connected. color: green; font-weight: bold; @ http://localhost/framework/ext/Socket/Socket.js:52
[ 5984485ms] [LOG] %cSocket connected. color: green; font-weight: bold; @ http://localhost/framework/ext/Socket/Socket.js:52
[ 5998203ms] [LOG] %cSocket connected. color: green; font-weight: bold; @ http://localhost/framework/ext/Socket/Socket.js:52
[ 6012601ms] [LOG] %cSocket connected. color: green; font-weight: bold; @ http://localhost/framework/ext/Socket/Socket.js:52
[ 6019223ms] [LOG] %cSocket connected. color: green; font-weight: bold; @ http://localhost/framework/ext/Socket/Socket.js:52
[ 6025917ms] [LOG] %cSocket connected. color: green; font-weight: bold; @ http://localhost/framework/ext/Socket/Socket.js:52
[ 6031562ms] [LOG] %cSocket connected. color: green; font-weight: bold; @ http://localhost/framework/ext/Socket/Socket.js:52
[ 6038048ms] [LOG] %cSocket connected. color: green; font-weight: bold; @ http://localhost/framework/ext/Socket/Socket.js:52
[ 6054899ms] [LOG] %cSocket connected. color: green; font-weight: bold; @ http://localhost/framework/ext/Socket/Socket.js:52
[ 6062267ms] [LOG] %cSocket connected. color: green; font-weight: bold; @ http://localhost/framework/ext/Socket/Socket.js:52
[ 6071506ms] [LOG] %cSocket connected. color: green; font-weight: bold; @ http://localhost/framework/ext/Socket/Socket.js:52
[ 6148086ms] [LOG] %cSocket connected. color: green; font-weight: bold; @ http://localhost/framework/ext/Socket/Socket.js:52
[ 6161878ms] [LOG] %cSocket connected. color: green; font-weight: bold; @ http://localhost/framework/ext/Socket/Socket.js:52
[ 6169014ms] [LOG] %cSocket connected. color: green; font-weight: bold; @ http://localhost/framework/ext/Socket/Socket.js:52
[ 6175191ms] [LOG] %cSocket connected. color: green; font-weight: bold; @ http://localhost/framework/ext/Socket/Socket.js:52
[ 6183334ms] [LOG] %cSocket connected. color: green; font-weight: bold; @ http://localhost/framework/ext/Socket/Socket.js:52
[ 6189031ms] [LOG] %cSocket connected. color: green; font-weight: bold; @ http://localhost/framework/ext/Socket/Socket.js:52
[ 6202538ms] [LOG] %cSocket connected. color: green; font-weight: bold; @ http://localhost/framework/ext/Socket/Socket.js:52
[ 6212934ms] [LOG] %cSocket connected. color: green; font-weight: bold; @ http://localhost/framework/ext/Socket/Socket.js:52
[ 6222384ms] [LOG] %cSocket connected. color: green; font-weight: bold; @ http://localhost/framework/ext/Socket/Socket.js:52
[ 6270394ms] [LOG] %cSocket connected. color: green; font-weight: bold; @ http://localhost/framework/ext/Socket/Socket.js:52
[ 6277960ms] [LOG] %cSocket connected. color: green; font-weight: bold; @ http://localhost/framework/ext/Socket/Socket.js:52
[ 6289272ms] [LOG] %cSocket connected. color: green; font-weight: bold; @ http://localhost/framework/ext/Socket/Socket.js:52
[ 6296063ms] [LOG] %cSocket connected. color: green; font-weight: bold; @ http://localhost/framework/ext/Socket/Socket.js:52
[ 6354998ms] [LOG] %cSocket connected. color: green; font-weight: bold; @ http://localhost/framework/ext/Socket/Socket.js:52
[ 6374085ms] [LOG] %cSocket connected. color: green; font-weight: bold; @ http://localhost/framework/ext/Socket/Socket.js:52
[ 6379807ms] [LOG] %cSocket connected. color: green; font-weight: bold; @ http://localhost/framework/ext/Socket/Socket.js:52
[ 6383835ms] [LOG] %cSocket connected. color: green; font-weight: bold; @ http://localhost/framework/ext/Socket/Socket.js:52
[ 6394442ms] [LOG] %cSocket connected. color: green; font-weight: bold; @ http://localhost/framework/ext/Socket/Socket.js:52
[ 6410544ms] [LOG] %cSocket connected. color: green; font-weight: bold; @ http://localhost/framework/ext/Socket/Socket.js:52
[ 6415729ms] [LOG] %cSocket connected. color: green; font-weight: bold; @ http://localhost/framework/ext/Socket/Socket.js:52
[ 6421502ms] [LOG] %cSocket connected. color: green; font-weight: bold; @ http://localhost/framework/ext/Socket/Socket.js:52
[ 6429885ms] [LOG] %cSocket connected. color: green; font-weight: bold; @ http://localhost/framework/ext/Socket/Socket.js:52
[ 6434619ms] [LOG] %cSocket connected. color: green; font-weight: bold; @ http://localhost/framework/ext/Socket/Socket.js:52
[ 6522282ms] [LOG] %cSocket connected. color: green; font-weight: bold; @ http://localhost/framework/ext/Socket/Socket.js:52
[ 6535321ms] [LOG] %cSocket connected. color: green; font-weight: bold; @ http://localhost/framework/ext/Socket/Socket.js:52
[ 6549434ms] [LOG] %cSocket connected. color: green; font-weight: bold; @ http://localhost/framework/ext/Socket/Socket.js:52
[ 6919336ms] [LOG] %cSocket connected. color: green; font-weight: bold; @ http://localhost/framework/ext/Socket/Socket.js:52
[ 6925563ms] [LOG] %cSocket connected. color: green; font-weight: bold; @ http://localhost/framework/ext/Socket/Socket.js:52
[ 6933589ms] [LOG] %cSocket connected. color: green; font-weight: bold; @ http://localhost/framework/ext/Socket/Socket.js:52
[ 6950753ms] [LOG] %cSocket connected. color: green; font-weight: bold; @ http://localhost/framework/ext/Socket/Socket.js:52
[ 6986004ms] [LOG] %cSocket connected. color: green; font-weight: bold; @ http://localhost/framework/ext/Socket/Socket.js:52
[ 7024973ms] [LOG] %cSocket connected. color: green; font-weight: bold; @ http://localhost/framework/ext/Socket/Socket.js:52
[ 7038424ms] [LOG] %cSocket connected. color: green; font-weight: bold; @ http://localhost/framework/ext/Socket/Socket.js:52
[ 7060189ms] [LOG] %cSocket connected. color: green; font-weight: bold; @ http://localhost/framework/ext/Socket/Socket.js:52
[ 7108112ms] [LOG] %cSocket connected. color: green; font-weight: bold; @ http://localhost/framework/ext/Socket/Socket.js:52
[ 7123352ms] [LOG] %cSocket connected. color: green; font-weight: bold; @ http://localhost/framework/ext/Socket/Socket.js:52
[ 7141320ms] [LOG] %cSocket connected. color: green; font-weight: bold; @ http://localhost/framework/ext/Socket/Socket.js:52
[ 7162239ms] [LOG] %cSocket connected. color: green; font-weight: bold; @ http://localhost/framework/ext/Socket/Socket.js:52
[ 7197088ms] [LOG] %cSocket connected. color: green; font-weight: bold; @ http://localhost/framework/ext/Socket/Socket.js:52
[ 7207457ms] [LOG] %cSocket connected. color: green; font-weight: bold; @ http://localhost/framework/ext/Socket/Socket.js:52
[ 7242325ms] [LOG] %cSocket connected. color: green; font-weight: bold; @ http://localhost/framework/ext/Socket/Socket.js:52
[ 7255653ms] [LOG] %cSocket connected. color: green; font-weight: bold; @ http://localhost/framework/ext/Socket/Socket.js:52
[ 7345760ms] [LOG] %cSocket connected. color: green; font-weight: bold; @ http://localhost/framework/ext/Socket/Socket.js:52
[ 7436420ms] [LOG] %cSocket connected. color: green; font-weight: bold; @ http://localhost/framework/ext/Socket/Socket.js:52
[19782039ms] [LOG] %cSocket connected. color: green; font-weight: bold; @ http://localhost/framework/ext/Socket/Socket.js:52
[19869758ms] [LOG] %cSocket connected. color: green; font-weight: bold; @ http://localhost/framework/ext/Socket/Socket.js:52
[19913641ms] [LOG] %cSocket connected. color: green; font-weight: bold; @ http://localhost/framework/ext/Socket/Socket.js:52
[20007254ms] [LOG] %cSocket connected. color: green; font-weight: bold; @ http://localhost/framework/ext/Socket/Socket.js:52
[20027263ms] [LOG] %cSocket connected. color: green; font-weight: bold; @ http://localhost/framework/ext/Socket/Socket.js:52
[20046113ms] [LOG] %cSocket connected. color: green; font-weight: bold; @ http://localhost/framework/ext/Socket/Socket.js:52
[20196613ms] [LOG] navstate === false @ http://localhost/framework/ext/Lew42/Lew42.js:85
[20196915ms] [LOG] %cSocket connected. color: green; font-weight: bold; @ http://localhost/framework/ext/Socket/Socket.js:52
[20783913ms] [LOG] navstate === false @ http://localhost/framework/ext/Lew42/Lew42.js:85
[20784223ms] [LOG] %cSocket connected. color: green; font-weight: bold; @ http://localhost/framework/ext/Socket/Socket.js:52
[20794492ms] [LOG] navstate === false @ http://localhost/framework/ext/Lew42/Lew42.js:85
[20794801ms] [LOG] %cSocket connected. color: green; font-weight: bold; @ http://localhost/framework/ext/Socket/Socket.js:52
[20801077ms] [LOG] navstate === false @ http://localhost/framework/ext/Lew42/Lew42.js:85
[20801381ms] [LOG] %cSocket connected. color: green; font-weight: bold; @ http://localhost/framework/ext/Socket/Socket.js:52
[20811552ms] [LOG] navstate === false @ http://localhost/framework/ext/Lew42/Lew42.js:85
[20811859ms] [LOG] %cSocket connected. color: green; font-weight: bold; @ http://localhost/framework/ext/Socket/Socket.js:52
[20850819ms] [LOG] navstate === false @ http://localhost/framework/ext/Lew42/Lew42.js:85
[20851131ms] [LOG] %cSocket connected. color: green; font-weight: bold; @ http://localhost/framework/ext/Socket/Socket.js:52
[21009657ms] [LOG] navstate === false @ http://localhost/framework/ext/Lew42/Lew42.js:85
[21009964ms] [LOG] %cSocket connected. color: green; font-weight: bold; @ http://localhost/framework/ext/Socket/Socket.js:52
[21013428ms] [LOG] navstate === false @ http://localhost/framework/ext/Lew42/Lew42.js:85
[21013753ms] [LOG] %cSocket connected. color: green; font-weight: bold; @ http://localhost/framework/ext/Socket/Socket.js:52
[21132731ms] [LOG] navstate === false @ http://localhost/framework/ext/Lew42/Lew42.js:85
[21133039ms] [LOG] %cSocket connected. color: green; font-weight: bold; @ http://localhost/framework/ext/Socket/Socket.js:52
[21166935ms] [LOG] navstate === false @ http://localhost/framework/ext/Lew42/Lew42.js:85
[21167235ms] [LOG] %cSocket connected. color: green; font-weight: bold; @ http://localhost/framework/ext/Socket/Socket.js:52
[21268409ms] [LOG] navstate === false @ http://localhost/framework/ext/Lew42/Lew42.js:85
[21268724ms] [LOG] %cSocket connected. color: green; font-weight: bold; @ http://localhost/framework/ext/Socket/Socket.js:52
[21386643ms] [WARNING] addRange(): The given range isn't in document. @ http://localhost/framework/ext/WebEditor/1/Canvas1.js:503
[22225635ms] [LOG] navstate === false @ http://localhost/framework/ext/Lew42/Lew42.js:85
[22225942ms] [LOG] %cSocket connected. color: green; font-weight: bold; @ http://localhost/framework/ext/Socket/Socket.js:52
[28241473ms] [LOG] navstate === false @ http://localhost/framework/ext/Lew42/Lew42.js:85
[28241775ms] [LOG] %cSocket connected. color: green; font-weight: bold; @ http://localhost/framework/ext/Socket/Socket.js:52
[28262350ms] [LOG] navstate === false @ http://localhost/framework/ext/Lew42/Lew42.js:85
[28262651ms] [LOG] %cSocket connected. color: green; font-weight: bold; @ http://localhost/framework/ext/Socket/Socket.js:52
[28276341ms] [LOG] navstate === false @ http://localhost/framework/ext/Lew42/Lew42.js:85
[28276642ms] [LOG] %cSocket connected. color: green; font-weight: bold; @ http://localhost/framework/ext/Socket/Socket.js:52
[28315046ms] [LOG] navstate === false @ http://localhost/framework/ext/Lew42/Lew42.js:85
[28315371ms] [LOG] %cSocket connected. color: green; font-weight: bold; @ http://localhost/framework/ext/Socket/Socket.js:52
[28347917ms] [LOG] navstate === false @ http://localhost/framework/ext/Lew42/Lew42.js:85
[28348219ms] [LOG] %cSocket connected. color: green; font-weight: bold; @ http://localhost/framework/ext/Socket/Socket.js:52
[28378546ms] [LOG] navstate === false @ http://localhost/framework/ext/Lew42/Lew42.js:85
[28378854ms] [LOG] %cSocket connected. color: green; font-weight: bold; @ http://localhost/framework/ext/Socket/Socket.js:52
[28404164ms] [LOG] navstate === false @ http://localhost/framework/ext/Lew42/Lew42.js:85
[28404483ms] [LOG] %cSocket connected. color: green; font-weight: bold; @ http://localhost/framework/ext/Socket/Socket.js:52
[28412038ms] [LOG] navstate === false @ http://localhost/framework/ext/Lew42/Lew42.js:85
[28412341ms] [LOG] %cSocket connected. color: green; font-weight: bold; @ http://localhost/framework/ext/Socket/Socket.js:52
[28424578ms] [LOG] navstate === false @ http://localhost/framework/ext/Lew42/Lew42.js:85
[28424891ms] [LOG] %cSocket connected. color: green; font-weight: bold; @ http://localhost/framework/ext/Socket/Socket.js:52
[28512948ms] [LOG] navstate === false @ http://localhost/framework/ext/Lew42/Lew42.js:85
[28513254ms] [LOG] %cSocket connected. color: green; font-weight: bold; @ http://localhost/framework/ext/Socket/Socket.js:52
