[     667ms] [LOG] %cSocket connected. color: green; font-weight: bold; @ http://localhost/framework/ext/Socket/Socket.js:52
[   19824ms] [LOG] 1 @ http://localhost/framework/ext/List/List.js:136
[   19824ms] [LOG] 2 @ http://localhost/framework/ext/List/List.js:136
[   19824ms] [LOG] 3 @ http://localhost/framework/ext/List/List.js:136
[   19824ms] [LOG] 4 @ http://localhost/framework/ext/List/List.js:136
[   20118ms] [LOG] %cSocket connected. color: green; font-weight: bold; @ http://localhost/framework/ext/Socket/Socket.js:52
[   22017ms] [LOG] setup SortableListComponent undefined FileComponent @ http://localhost/framework/ext/Component/0/Component0.js:97
[   22018ms] [WARNING] Implement load() in subclass @ http://localhost/framework/ext/Component/0/Component0.js:46
[   22018ms] [LOG] setup SortableListComponent undefined SortableListComponent @ http://localhost/framework/ext/Component/0/Component0.js:97
[   22018ms] [WARNING] Implement load() in subclass @ http://localhost/framework/ext/Component/0/Component0.js:46
[   22018ms] [LOG] setup SortableListComponent undefined SortableListComponent @ http://localhost/framework/ext/Component/0/Component0.js:97
[   22019ms] [WARNING] Implement load() in subclass @ http://localhost/framework/ext/Component/0/Component0.js:46
[   22019ms] [LOG] setup SortableListComponent undefined SortableListComponent @ http://localhost/framework/ext/Component/0/Component0.js:97
[   22019ms] [WARNING] Implement load() in subclass @ http://localhost/framework/ext/Component/0/Component0.js:46
[   22019ms] [LOG] setup SortableListComponent undefined SortableListComponent @ http://localhost/framework/ext/Component/0/Component0.js:97
[   22019ms] [WARNING] Implement load() in subclass @ http://localhost/framework/ext/Component/0/Component0.js:46
[   22020ms] [LOG] setup SortableListComponent undefined SortableListComponent @ http://localhost/framework/ext/Component/0/Component0.js:97
[   22020ms] [WARNING] Implement load() in subclass @ http://localhost/framework/ext/Component/0/Component0.js:46
[   22020ms] [LOG] setup SortableListComponent undefined SortableListComponent @ http://localhost/framework/ext/Component/0/Component0.js:97
[   22020ms] [WARNING] Implement load() in subclass @ http://localhost/framework/ext/Component/0/Component0.js:46
[   22020ms] [LOG] setup SortableListComponent undefined SortableListComponent @ http://localhost/framework/ext/Component/0/Component0.js:97
[   22020ms] [WARNING] Implement load() in subclass @ http://localhost/framework/ext/Component/0/Component0.js:46
[   22021ms] [LOG] setup SortableListComponent undefined SortableListComponent @ http://localhost/framework/ext/Component/0/Component0.js:97
[   22021ms] [WARNING] Implement load() in subclass @ http://localhost/framework/ext/Component/0/Component0.js:46
[   22021ms] [LOG] setup SortableListComponent undefined SortableListComponent @ http://localhost/framework/ext/Component/0/Component0.js:97
[   22022ms] [WARNING] Implement load() in subclass @ http://localhost/framework/ext/Component/0/Component0.js:46
[   22022ms] [LOG] setup SortableListComponent undefined SortableListComponent @ http://localhost/framework/ext/Component/0/Component0.js:97
[   22022ms] [WARNING] Implement load() in subclass @ http://localhost/framework/ext/Component/0/Component0.js:46
[   22301ms] [LOG] %cSocket connected. color: green; font-weight: bold; @ http://localhost/framework/ext/Socket/Socket.js:52
[   85998ms] [LOG] setup SortableListComponent undefined SortableListComponent @ http://localhost/framework/ext/Component/0/Component0.js:97
[   86003ms] [LOG] [Step 1, Step 2, Step 3, Step 4, Step 6, Step 3, undefined, undefined, Step 6, Step 7] @ http://localhost/framework/ext/List/Component/ListComponent.js:39
[   86004ms] [LOG] writing file /framework/ext/List/Component/Sortable/test.json {name: test, type: FileComponent, sortable_list: SortableListComponent} @ http://localhost/framework/ext/File/0/File0.js:60
[   86004ms] [LOG] [Step 0] @ http://localhost/framework/ext/List/Component/ListComponent.js:39
[   86006ms] [LOG] wrote file /framework/ext/List/Component/Sortable/test.json {index: 0, response: write successful} @ http://localhost/framework/ext/File/0/File0.js:63
[   86006ms] [LOG] saving file done /framework/ext/List/Component/Sortable/test.json @ http://localhost/framework/ext/File/0/File0.js:68
[  105918ms] [LOG] setup SortableListComponent undefined FileComponent @ http://localhost/framework/ext/Component/0/Component0.js:97
[  105918ms] [WARNING] Implement load() in subclass @ http://localhost/framework/ext/Component/0/Component0.js:46
[  105918ms] [LOG] setup SortableListComponent undefined SortableListComponent @ http://localhost/framework/ext/Component/0/Component0.js:97
[  105919ms] [WARNING] Implement load() in subclass @ http://localhost/framework/ext/Component/0/Component0.js:46
[  105919ms] [LOG] setup SortableListComponent undefined SortableListComponent @ http://localhost/framework/ext/Component/0/Component0.js:97
[  105919ms] [WARNING] Implement load() in subclass @ http://localhost/framework/ext/Component/0/Component0.js:46
[  105919ms] [LOG] setup SortableListComponent undefined SortableListComponent @ http://localhost/framework/ext/Component/0/Component0.js:97
[  105919ms] [WARNING] Implement load() in subclass @ http://localhost/framework/ext/Component/0/Component0.js:46
[  105919ms] [LOG] setup SortableListComponent undefined SortableListComponent @ http://localhost/framework/ext/Component/0/Component0.js:97
[  105919ms] [WARNING] Implement load() in subclass @ http://localhost/framework/ext/Component/0/Component0.js:46
[  105919ms] [LOG] setup SortableListComponent undefined SortableListComponent @ http://localhost/framework/ext/Component/0/Component0.js:97
[  105919ms] [WARNING] Implement load() in subclass @ http://localhost/framework/ext/Component/0/Component0.js:46
[  105919ms] [LOG] setup SortableListComponent undefined SortableListComponent @ http://localhost/framework/ext/Component/0/Component0.js:97
[  105919ms] [WARNING] Implement load() in subclass @ http://localhost/framework/ext/Component/0/Component0.js:46
[  105919ms] [LOG] setup SortableListComponent undefined SortableListComponent @ http://localhost/framework/ext/Component/0/Component0.js:97
[  105919ms] [WARNING] Implement load() in subclass @ http://localhost/framework/ext/Component/0/Component0.js:46
[  105920ms] [LOG] setup SortableListComponent undefined SortableListComponent @ http://localhost/framework/ext/Component/0/Component0.js:97
[  105920ms] [WARNING] Implement load() in subclass @ http://localhost/framework/ext/Component/0/Component0.js:46
[  105920ms] [LOG] setup SortableListComponent undefined SortableListComponent @ http://localhost/framework/ext/Component/0/Component0.js:97
[  105920ms] [WARNING] Implement load() in subclass @ http://localhost/framework/ext/Component/0/Component0.js:46
[  105920ms] [LOG] setup SortableListComponent undefined SortableListComponent @ http://localhost/framework/ext/Component/0/Component0.js:97
[  105920ms] [WARNING] Implement load() in subclass @ http://localhost/framework/ext/Component/0/Component0.js:46
[  106204ms] [LOG] %cSocket connected. color: green; font-weight: bold; @ http://localhost/framework/ext/Socket/Socket.js:52
[  195974ms] [LOG] %cSocket connected. color: green; font-weight: bold; @ http://localhost/framework/ext/Socket/Socket.js:52
[  973452ms] [LOG] %cSocket connected. color: green; font-weight: bold; @ http://localhost/framework/ext/Socket/Socket.js:52
